2 vertices of polyhedron
0 extreme rays of recession cone
2 support hyperplanes of polyhedron (homogenized)

embedding dimension = 3
affine dimension of the polyhedron = 1
rank of recession monoid = 0 (polyhedron is polytope)

dehomogenization:
0 0 1 


***********************************************************************

2 vertices of polyhedron:
 0 5 1
 5 0 1

0 extreme rays of recession cone:

2 support hyperplanes of polyhedron (homogenized):
 0 1 0
 1 0 0

1 equations:
 1 1 -5

2 basis elements of generated  lattice:
 1 -1 0
 0  5 1

