1 vertices of polyhedron
1 extreme rays of recession cone
2 support hyperplanes of polyhedron (homogenized)

embedding dimension = 4
affine dimension of the polyhedron = 1
rank of recession monoid = 1
internal index = 1


***********************************************************************

1 vertices of polyhedron:
 -1 0 0 1

1 extreme rays of recession cone:
 1 0 0 0

2 support hyperplanes of polyhedron (homogenized):
 0 0 0 1
 1 0 0 1

2 equations:
 0 1 0 0
 0 0 1 0

2 basis elements of lattice:
 1 0 0 0
 0 0 0 1

