0 lattice points in polytope (module generators)
0 Hilbert basis elements of recession monoid

embedding dimension = 4
rank of recession monoid = 0 (polyhedron is polytope)

dehomogenization:
0 0 0 1 


module rank = 0

***********************************************************************

0 lattice points in polytope (module generators):

0 Hilbert basis elements of recession monoid:

