256 vertices of polyhedron
0 extreme rays of recession cone
16 support hyperplanes of polyhedron (homogenized)

embedding dimension = 9
affine dimension of the polyhedron = 8 (maximal)
rank of recession monoid = 0 (polyhedron is polytope)

dehomogenization:
0 0 0 0 0 0 0 0 1 


volume (lattice normalized) = 40320
volume (Euclidean) = 1

***********************************************************************

