1024 extreme rays
20 support hyperplanes

f-vector:
1 1024 5120 11520 15360 13440 8064 3360 960 180 20 1 

embedding dimension = 11
rank = 11 (maximal)
external index = 1

grading:
0 0 0 0 0 0 0 0 0 0 1 

degrees of extreme rays:
1:1024  

***********************************************************************

