0 Hilbert basis elements
0 lattice points in polytope (Hilbert basis elements of degree 1)
0 extreme rays
0 support hyperplanes

1 excluded faces

embedding dimension = 2
rank = 1
external index = 1
internal index = 1
dimension of maximal subspace = 1
original monoid is integrally closed in chosen lattice

size of triangulation   = 1
resulting sum of |det|s = 1

grading:
0 0 

degrees of extreme rays:


Hilbert basis elements are of degree 1

multiplicity = 0

Hilbert series:

denominator with 0 factors:


degree of Hilbert Series as rational function = -1

The numerator of the Hilbert series is symmetric.

Hilbert polynomial:

with common denominator = 1

rank of class group = 0
class group is free

Semiopen polyhedron is empty
Covering face:
0 -1 

***********************************************************************

0 lattice points in polytope (Hilbert basis elements of degree 1):

0 further Hilbert basis elements of higher degree:

0 extreme rays:

1 basis elements of maximal subspace:
 1 0

0 support hyperplanes:

1 equations:
 0 1

1 basis elements of generated  lattice:
 1 0

1 excluded faces:
 0 0

