3 lattice points in polytope (module generators)
0 Hilbert basis elements of recession monoid
2 vertices of polyhedron
0 extreme rays of recession cone
2 support hyperplanes of polyhedron (homogenized)

embedding dimension = 2
affine dimension of the polyhedron = 1 (maximal)
rank of recession monoid = 0 (polyhedron is polytope)
internal index = 2

size of triangulation   = 1
resulting sum of |det|s = 2

dehomogenization:
0 1 

grading:
1 0 


module rank = 3
multiplicity = 3

Hilbert series:
1 1 1 
denominator with 0 factors:


shift = -1

degree of Hilbert Series as rational function = 1

The numerator of the Hilbert series is symmetric.

Hilbert polynomial:

with common denominator = 1

Ehrhart series:
1 1 
denominator with 2 factors:
1:2  

degree of Ehrhart Series as rational function = -1

The numerator of the Ehrhart series is symmetric.

Ehrhart polynomial:
1 2 
with common denominator = 1

***********************************************************************

3 lattice points in polytope (module generators):
 -1 1
  0 1
  1 1

0 Hilbert basis elements of recession monoid:

2 vertices of polyhedron:
 -1 1
  1 1

0 extreme rays of recession cone:

2 support hyperplanes of polyhedron (homogenized):
 -1 1
  1 1

