5 Hilbert basis elements
5 lattice points in polytope (Hilbert basis elements of degree 1)
4 extreme rays
4 support hyperplanes

embedding dimension = 9
rank = 3
external index = 1

size of triangulation   = 2
resulting sum of |det|s = 4

grading:
0 0 0 0 1 0 0 0 0 

degrees of extreme rays:
1:4  

Hilbert basis elements are of degree 1

multiplicity = 4

Hilbert series:
1 2 1 
denominator with 3 factors:
1:3  

degree of Hilbert Series as rational function = -1

The numerator of the Hilbert series is symmetric.

Hilbert polynomial:
1 2 2 
with common denominator = 1

***********************************************************************

5 lattice points in polytope (Hilbert basis elements of degree 1):
 0 2 1 2 1 0 1 0 2
 1 0 2 2 1 0 0 2 1
 1 1 1 1 1 1 1 1 1
 1 2 0 0 1 2 2 0 1
 2 0 1 0 1 2 1 2 0

0 further Hilbert basis elements of higher degree:

4 extreme rays:
 0 2 1 2 1 0 1 0 2
 1 0 2 2 1 0 0 2 1
 1 2 0 0 1 2 2 0 1
 2 0 1 0 1 2 1 2 0

4 support hyperplanes:
 -2 -1 0 0  4 0 0 0 0
  0 -1 0 0  2 0 0 0 0
  0  1 0 0  0 0 0 0 0
  2  1 0 0 -2 0 0 0 0

6 equations:
 1 0 0 0 0  1 -2 -1  1
 0 1 0 0 0  1 -2  0  0
 0 0 1 0 0  1 -1 -1  0
 0 0 0 1 0 -1  2  0 -2
 0 0 0 0 1 -1  1  0 -1
 0 0 0 0 0  3 -4 -1  2

3 basis elements of generated  lattice:
 1 0 -1 -2 0  2  1  0 -1
 0 1 -1 -1 0  1  1 -1  0
 0 0  3  4 1 -2 -1  2  2

