1 vertices of polyhedron
2 extreme rays of recession cone
3 support hyperplanes of polyhedron (homogenized)

embedding dimension = 3
affine dimension of the polyhedron = 2 (maximal)
rank of recession monoid = 2

dehomogenization:
0 0 1 


***********************************************************************

1 vertices of polyhedron:
 -1 -1 2

2 extreme rays of recession cone:
 1 0 0
 1 1 0

3 support hyperplanes of polyhedron (homogenized):
 0  0 1
 0  2 1
 1 -1 0

