1 vertices of polyhedron
3 extreme rays of recession cone
4 support hyperplanes of polyhedron (homogenized)

embedding dimension = 4
affine dimension of the polyhedron = 3 (maximal)
rank of recession cone = 3

dehomogenization:
0 0 0 1 

***********************************************************************

1 vertices of polyhedron:
 1 -1 1 1

3 extreme rays of recession cone:
 0 -1 0 0
 0  0 1 0
 1  0 0 0

4 support hyperplanes of polyhedron (homogenized):
 0 -1 0 -1
 0  0 0  1
 0  0 1 -1
 1  0 0 -1

