1 fusion rings up to isomorphism (only single fusion ring  asked for)
1 simple fusion rings up to isomorphism
0 nonsimple fusion rings up to isomorphism

Embedding dimension = 57

dehomogenization
0 0 0 0 0 0 0 0 0 0 0 0 0 0 0 0 0 0 0 0 0 0 0 0 0 0 0 0 0 0 0 0 0 0 0 0 0 0 0 0 0 0 0 0 0 0 0 0 0 0 0 0 0 0 0 0 1 

***********************************************************************

