
embedding dimension = 24

grading:
1 1 1 1 1 1 1 1 1 1 1 1 1 1 1 1 1 1 1 1 1 1 1 1 


multiplicity = 1717/8192
multiplicity (float) = 0.209594726562

Input(from inequalities) automorphism group has order 199065600 (possibly approximation if very large)
Automorphisms are integral
***********************************************************************

