
embedding dimension = 4
dimension of maximal subspace = 1

dehomogenization:
0 0 0 1 


Ambient(from inequalities) automorphism group has order 1 (possibly approximation if very large)
Automorphisms are integral
***********************************************************************

1 basis elements of maximal subspace:
 0 1 0 0

