Integral automorphism group of order 2 (possibly approximation if very large)
Automorphisms are integral
************************************************************************
1 permutations of 4 vertices of polyhedron

Perm 1: 4 3 2 1

Cycle decompositions 

Perm 1: (1 4) (2 3) --

2 orbits of vertices of polyhedron

Orbit 1 , length 2:  1 4
Orbit 2 , length 2:  2 3

************************************************************************
1 permutations of 4 support hyperplanes

Perm 1: 4 3 2 1

Cycle decompositions 

Perm 1: (1 4) (2 3) --

2 orbits of support hyperplanes

Orbit 1 , length 2:  2 3
Orbit 2 , length 2:  1 4

