1 Hilbert basis elements of degree 1
1 extreme rays
1 support hyperplanes

rank = 1
index = 1

size of triangulation   = 0
resulting sum of |det|s = 0

grading:
1 0 

degrees of extreme rays:
1: 1  

***********************************************************************

1 extreme rays:
 1 0

1 support hyperplanes:
 1 0

1 equations:
 0 1

1 Hilbert basis elements of degree 1:
 1 0

