4 extreme rays
4 support hyperplanes

embedding dimension = 9
rank = 3
index = 2

grading:
0 0 0 0 1 0 0 0 0 

degrees of extreme rays:
1: 4  

***********************************************************************

4 extreme rays:
 1 2 0 0 1 2 2 0 1
 2 0 1 0 1 2 1 2 0
 0 2 1 2 1 0 1 0 2
 1 0 2 2 1 0 0 2 1

4 support hyperplanes:
  0  1  0  0  0  0  0  0  0
  0  1  2  0 -2  0  0  0  0
  0 -1 -2  0  4  0  0  0  0
  0 -1  0  0  2  0  0  0  0

6 equations:
 -2  1  4 -3  0  0  0  0  0
 -1  0  1 -1  1  0  0  0  0
 -2  0  2 -1  0  1  0  0  0
 -2  0  3 -2  0  0  1  0  0
  0  0 -2  1  0  0  0  1  0
 -1  0  2 -2  0  0  0  0  1

