4 extreme rays
4 support hyperplanes

embedding dimension = 3
rank = 3 (maximal)
external index = 1

No implicit grading found

***********************************************************************

4 extreme rays:
 1 1 0
 0 0 1
 0 1 1
 1 0 1

4 support hyperplanes:
 -1  1 1
  0  1 0
  1 -1 1
  1  0 0

