4 original generators of the toric ring
3 Hilbert basis elements
3 lattice points in polytope (Hilbert basis elements of degree 1)
2 extreme rays
2 module generators over original monoid
2 support hyperplanes

embedding dimension = 2
rank = 2 (maximal)
external index = 2
internal index = 1
original monoid is not integrally closed in chosen lattice

size of partial triangulation   = 1
resulting sum of |det|s = 2

grading:
1 1 
with denominator = 2

degrees of extreme rays:
1:2  

Hilbert basis elements are of degree 1

***********************************************************************

4 original generators:
 2 0
 0 4
 1 1
 1 3

3 lattice points in polytope (Hilbert basis elements of degree 1):
 0 2
 1 1
 2 0

0 further Hilbert basis elements of higher degree:

2 extreme rays:
 0 2
 2 0

2 module generators over original monoid:
 0 0
 0 2

2 support hyperplanes:
 0 1
 1 0

1 congruences:
 1 1 2

2 basis elements of generated  lattice:
 1 1
 0 2

