Real embedded number field:
min_poly (a^2 - 2) embedding [1.41 +/- 5.56e-3]

2 extreme rays
2 support hyperplanes

embedding dimension = 2
rank = 2 (maximal)

***********************************************************************

2 extreme rays:
 (1/2*a ~ 0.707)  1
               1 -1

2 support hyperplanes:
          1  1
 (a ~ 1.41) -1

