Real embedded number field:
min_poly (a^2 - 5) embedding [2.236067977499789696409173668731276235440618359611525724270897245 +/- 4.11e-64]

7 lattice points in polytope
20 vertices of polyhedron
0 extreme rays of recession cone
12 support hyperplanes of polyhedron (homogenized)

embedding dimension = 4
affine dimension of the polyhedron = 3 (maximal)
rank of recession cone = 0

size of triangulation   = 28
resulting sum of |det|s = (-1056*a+2400 ~ 38.712)

dehomogenization:
0 0 0 1 

volume (lattice normalized) = (-1056*a+2400 ~ 38.712)
volume (Euclidean) = 6.452

***********************************************************************

7 lattice points in polytope:
 -1  0  0 1
  0 -1  0 1
  0  0 -1 1
  0  0  0 1
  0  0  1 1
  0  1  0 1
  1  0  0 1

20 vertices of polyhedron:
    (-a+1 ~ -1.2361) (-2*a+4 ~ -0.47214)                   0 1
    (-a+1 ~ -1.2361)   (2*a-4 ~ 0.47214)                   0 1
    (a-3 ~ -0.76393)    (a-3 ~ -0.76393)    (a-3 ~ -0.76393) 1
    (a-3 ~ -0.76393)    (a-3 ~ -0.76393)    (-a+3 ~ 0.76393) 1
    (a-3 ~ -0.76393)    (-a+3 ~ 0.76393)    (a-3 ~ -0.76393) 1
    (a-3 ~ -0.76393)    (-a+3 ~ 0.76393)    (-a+3 ~ 0.76393) 1
 (-2*a+4 ~ -0.47214)                   0    (-a+1 ~ -1.2361) 1
 (-2*a+4 ~ -0.47214)                   0      (a-1 ~ 1.2361) 1
                   0    (-a+1 ~ -1.2361) (-2*a+4 ~ -0.47214) 1
                   0    (-a+1 ~ -1.2361)   (2*a-4 ~ 0.47214) 1
                   0      (a-1 ~ 1.2361) (-2*a+4 ~ -0.47214) 1
                   0      (a-1 ~ 1.2361)   (2*a-4 ~ 0.47214) 1
   (2*a-4 ~ 0.47214)                   0    (-a+1 ~ -1.2361) 1
   (2*a-4 ~ 0.47214)                   0      (a-1 ~ 1.2361) 1
    (-a+3 ~ 0.76393)    (a-3 ~ -0.76393)    (a-3 ~ -0.76393) 1
    (-a+3 ~ 0.76393)    (a-3 ~ -0.76393)    (-a+3 ~ 0.76393) 1
    (-a+3 ~ 0.76393)    (-a+3 ~ 0.76393)    (a-3 ~ -0.76393) 1
    (-a+3 ~ 0.76393)    (-a+3 ~ 0.76393)    (-a+3 ~ 0.76393) 1
      (a-1 ~ 1.2361) (-2*a+4 ~ -0.47214)                   0 1
      (a-1 ~ 1.2361)   (2*a-4 ~ 0.47214)                   0 1

0 extreme rays of recession cone:

12 support hyperplanes of polyhedron (homogenized):
 (-1/4*a-1/4 ~ -0.80902)                       0        (-1/2 = -0.5000) 1
 (-1/4*a-1/4 ~ -0.80902)                       0          (1/2 = 0.5000) 1
        (-1/2 = -0.5000) (-1/4*a-1/4 ~ -0.80902)                       0 1
        (-1/2 = -0.5000)   (1/4*a+1/4 ~ 0.80902)                       0 1
                       0        (-1/2 = -0.5000) (-1/4*a-1/4 ~ -0.80902) 1
                       0        (-1/2 = -0.5000)   (1/4*a+1/4 ~ 0.80902) 1
                       0          (1/2 = 0.5000) (-1/4*a-1/4 ~ -0.80902) 1
                       0          (1/2 = 0.5000)   (1/4*a+1/4 ~ 0.80902) 1
          (1/2 = 0.5000) (-1/4*a-1/4 ~ -0.80902)                       0 1
          (1/2 = 0.5000)   (1/4*a+1/4 ~ 0.80902)                       0 1
   (1/4*a+1/4 ~ 0.80902)                       0        (-1/2 = -0.5000) 1
   (1/4*a+1/4 ~ 0.80902)                       0          (1/2 = 0.5000) 1

