Real embedded number field:
min_poly (a^2 - 2) embedding [1.41 +/- 5.56e-3]

1 extreme rays
1 support hyperplanes

embedding dimension = 3
rank = 2
dimension of maximal subspace = 1

***********************************************************************

1 extreme rays:
 (-1/2*a in [-0.707 +/- 7.76e-4]) 0 1

1 basis elements of maximal subspace:
 (1/2*a in [0.707 +/- 7.76e-4]) (1/2*a-1/2 in [0.207 +/- 7.76e-4]) -1

1 support hyperplanes:
 (1/2*a-1 in [-0.293 +/- 7.76e-4]) 1 0

1 equations:
 (a in [1.41 +/- 5.56e-3]) 0 1

2 basis elements of lattice:
 (1/2*a in [0.707 +/- 7.76e-4]) 0 -1
                              0 1  0

