Real embedded number field:
min_poly (a^2 - 2) embedding [1.41421356237309504880168872420969807857 +/- 8.96e-39]

24 vertices of polyhedron
0 extreme rays of recession cone
26 support hyperplanes of polyhedron (homogenized)

embedding dimension = 4
affine dimension of the polyhedron = 3 (maximal)
rank of recession monoid = 0

dehomogenization:
0 0 0 1 

***********************************************************************

24 vertices of polyhedron:
 (-a-1 in [-2.4142 +/- 1.39e-5])                              -1                              -1 1
 (-a-1 in [-2.4142 +/- 1.39e-5])                              -1                               1 1
 (-a-1 in [-2.4142 +/- 1.39e-5])                               1                              -1 1
 (-a-1 in [-2.4142 +/- 1.39e-5])                               1                               1 1
                              -1 (-a-1 in [-2.4142 +/- 1.39e-5])                              -1 1
                              -1 (-a-1 in [-2.4142 +/- 1.39e-5])                               1 1
                              -1                              -1 (-a-1 in [-2.4142 +/- 1.39e-5]) 1
                              -1                              -1   (a+1 in [2.4142 +/- 1.39e-5]) 1
                              -1                               1 (-a-1 in [-2.4142 +/- 1.39e-5]) 1
                              -1                               1   (a+1 in [2.4142 +/- 1.39e-5]) 1
                              -1   (a+1 in [2.4142 +/- 1.39e-5])                              -1 1
                              -1   (a+1 in [2.4142 +/- 1.39e-5])                               1 1
                               1 (-a-1 in [-2.4142 +/- 1.39e-5])                              -1 1
                               1 (-a-1 in [-2.4142 +/- 1.39e-5])                               1 1
                               1                              -1 (-a-1 in [-2.4142 +/- 1.39e-5]) 1
                               1                              -1   (a+1 in [2.4142 +/- 1.39e-5]) 1
                               1                               1 (-a-1 in [-2.4142 +/- 1.39e-5]) 1
                               1                               1   (a+1 in [2.4142 +/- 1.39e-5]) 1
                               1   (a+1 in [2.4142 +/- 1.39e-5])                              -1 1
                               1   (a+1 in [2.4142 +/- 1.39e-5])                               1 1
   (a+1 in [2.4142 +/- 1.39e-5])                              -1                              -1 1
   (a+1 in [2.4142 +/- 1.39e-5])                              -1                               1 1
   (a+1 in [2.4142 +/- 1.39e-5])                               1                              -1 1
   (a+1 in [2.4142 +/- 1.39e-5])                               1                               1 1

0 extreme rays of recession cone:

26 support hyperplanes of polyhedron (homogenized):
      (-a+1 in [-0.41421 +/- 3.66e-6])                                     0                                     0 1
   (1/2*a-1 in [-0.29289 +/- 3.41e-6])   (1/2*a-1 in [-0.29289 +/- 3.41e-6])                                     0 1
   (1/2*a-1 in [-0.29289 +/- 3.41e-6])                                     0   (1/2*a-1 in [-0.29289 +/- 3.41e-6]) 1
   (1/2*a-1 in [-0.29289 +/- 3.41e-6])                                     0   (-1/2*a+1 in [0.29289 +/- 3.41e-6]) 1
   (1/2*a-1 in [-0.29289 +/- 3.41e-6])   (-1/2*a+1 in [0.29289 +/- 3.41e-6])                                     0 1
 (1/7*a-3/7 in [-0.22654 +/- 9.88e-7]) (1/7*a-3/7 in [-0.22654 +/- 9.88e-7]) (1/7*a-3/7 in [-0.22654 +/- 9.88e-7]) 1
 (1/7*a-3/7 in [-0.22654 +/- 9.88e-7]) (1/7*a-3/7 in [-0.22654 +/- 9.88e-7]) (-1/7*a+3/7 in [0.22654 +/- 9.88e-7]) 1
 (1/7*a-3/7 in [-0.22654 +/- 9.88e-7]) (-1/7*a+3/7 in [0.22654 +/- 9.88e-7]) (1/7*a-3/7 in [-0.22654 +/- 9.88e-7]) 1
 (1/7*a-3/7 in [-0.22654 +/- 9.88e-7]) (-1/7*a+3/7 in [0.22654 +/- 9.88e-7]) (-1/7*a+3/7 in [0.22654 +/- 9.88e-7]) 1
                                     0      (-a+1 in [-0.41421 +/- 3.66e-6])                                     0 1
                                     0   (1/2*a-1 in [-0.29289 +/- 3.41e-6])   (1/2*a-1 in [-0.29289 +/- 3.41e-6]) 1
                                     0   (1/2*a-1 in [-0.29289 +/- 3.41e-6])   (-1/2*a+1 in [0.29289 +/- 3.41e-6]) 1
                                     0                                     0      (-a+1 in [-0.41421 +/- 3.66e-6]) 1
                                     0                                     0        (a-1 in [0.41421 +/- 3.66e-6]) 1
                                     0   (-1/2*a+1 in [0.29289 +/- 3.41e-6])   (1/2*a-1 in [-0.29289 +/- 3.41e-6]) 1
                                     0   (-1/2*a+1 in [0.29289 +/- 3.41e-6])   (-1/2*a+1 in [0.29289 +/- 3.41e-6]) 1
                                     0        (a-1 in [0.41421 +/- 3.66e-6])                                     0 1
 (-1/7*a+3/7 in [0.22654 +/- 9.88e-7]) (1/7*a-3/7 in [-0.22654 +/- 9.88e-7]) (1/7*a-3/7 in [-0.22654 +/- 9.88e-7]) 1
 (-1/7*a+3/7 in [0.22654 +/- 9.88e-7]) (1/7*a-3/7 in [-0.22654 +/- 9.88e-7]) (-1/7*a+3/7 in [0.22654 +/- 9.88e-7]) 1
 (-1/7*a+3/7 in [0.22654 +/- 9.88e-7]) (-1/7*a+3/7 in [0.22654 +/- 9.88e-7]) (1/7*a-3/7 in [-0.22654 +/- 9.88e-7]) 1
 (-1/7*a+3/7 in [0.22654 +/- 9.88e-7]) (-1/7*a+3/7 in [0.22654 +/- 9.88e-7]) (-1/7*a+3/7 in [0.22654 +/- 9.88e-7]) 1
   (-1/2*a+1 in [0.29289 +/- 3.41e-6])   (1/2*a-1 in [-0.29289 +/- 3.41e-6])                                     0 1
   (-1/2*a+1 in [0.29289 +/- 3.41e-6])                                     0   (1/2*a-1 in [-0.29289 +/- 3.41e-6]) 1
   (-1/2*a+1 in [0.29289 +/- 3.41e-6])                                     0   (-1/2*a+1 in [0.29289 +/- 3.41e-6]) 1
   (-1/2*a+1 in [0.29289 +/- 3.41e-6])   (-1/2*a+1 in [0.29289 +/- 3.41e-6])                                     0 1
        (a-1 in [0.41421 +/- 3.66e-6])                                     0                                     0 1

