6 extreme rays
8 support hyperplanes

embedding dimension = 5
rank = 4
external index = 1

grading:
0 0 0 0 1 

degrees of extreme rays:
1:6  

integral = 27773/29515186701000
integral (float) = 9.40973210888e-10
integral (euclidean) = 1.88194642178e-09

***********************************************************************

6 extreme rays:
 0 0 1 1 1
 0 1 0 1 1
 0 1 1 0 1
 1 0 0 1 1
 1 0 1 0 1
 1 1 0 0 1

8 support hyperplanes:
 -1 -1 -1 0  2
 -1  0  0 0  1
  0 -1  0 0  1
  0  0 -1 0  1
  0  0  1 0  0
  0  1  0 0  0
  1  0  0 0  0
  1  1  1 0 -1

1 equations:
 1 1 1 1 -2

4 basis elements of generated  lattice:
 1 0 0 1 1
 0 1 0 1 1
 0 0 1 1 1
 0 0 0 2 1

