Real embedded number field
min_poly (a^2 - 6) embedding [2.4494897427831780981972840747 +/- 2.16e-29]

1 fusion rings up to isomorphism
0 simple fusion rings up to isomorphism
1 nonsimple fusion rings up to isomorphism

Embedding dimension = 45

dehomogenization
0 0 0 0 0 0 0 0 0 0 0 0 0 0 0 0 0 0 0 0 0 0 0 0 0 0 0 0 0 0 0 0 0 0 0 0 0 0 0 0 0 0 0 0 1 

***********************************************************************

0 simple fusion rings up to isomorphism:

1 nonsimple fusion rings up to isomorphism:
 0 0 0 0 1 0 0 0 0 0 0 1 0 0 0 0 0 0 0 1 0 0 0 0 0 0 0 1 0 0 0 0 0 0 0 0 1 0 1 0 0 0 1 0 1

