Ambient(from generators) automorphism group of order 3 (possibly only approximation)
Integrality not known
************************************************************************
1 permutations of 12 input generators

Perm 1: 5 6 1 10 3 7 2 11 4 9 12 8

Cycle decompositions 

Perm 1: (1 5 3) (2 6 7) (4 10 9) (8 11 12) --

4 orbits of input generators

Orbit 1 , length 3:  1 3 5
Orbit 2 , length 3:  2 6 7
Orbit 3 , length 3:  4 9 10
Orbit 4 , length 3:  8 11 12

************************************************************************
1 permutations of 4 Coordinates

Perm 1: 2 3 1 4

Cycle decompositions 

Perm 1: (1 2 3) --

2 orbits of Coordinates

Orbit 1 , length 3:  1 2 3
Orbit 2 , length 1:  4

************************************************************************

input generators

  1:                           0         (1/2 ~ 0.50000000)   (1/4*a+1/4 ~ 0.80901699) 1
  2:                           0       (-1/2 ~ -0.50000000)   (1/4*a+1/4 ~ 0.80901699) 1
  3:          (1/2 ~ 0.50000000)   (1/4*a+1/4 ~ 0.80901699)                          0 1
  4:          (1/2 ~ 0.50000000) (-1/4*a-1/4 ~ -0.80901699)                          0 1
  5:    (1/4*a+1/4 ~ 0.80901699)                          0         (1/2 ~ 0.50000000) 1
  6:    (1/4*a+1/4 ~ 0.80901699)                          0       (-1/2 ~ -0.50000000) 1
  7:        (-1/2 ~ -0.50000000)   (1/4*a+1/4 ~ 0.80901699)                          0 1
  8:        (-1/2 ~ -0.50000000) (-1/4*a-1/4 ~ -0.80901699)                          0 1
  9:  (-1/4*a-1/4 ~ -0.80901699)                          0         (1/2 ~ 0.50000000) 1
 10:                           0         (1/2 ~ 0.50000000) (-1/4*a-1/4 ~ -0.80901699) 1
 11:                           0       (-1/2 ~ -0.50000000) (-1/4*a-1/4 ~ -0.80901699) 1
 12:  (-1/4*a-1/4 ~ -0.80901699)                          0       (-1/2 ~ -0.50000000) 1
