522347 Hilbert basis elements
96 lattice points in polytope (Hilbert basis elements of degree 1)
97548 extreme rays
36 support hyperplanes

embedding dimension = 36
rank = 24
external index = 1

grading:
1 1 1 1 1 1 0 0 0 0 0 0 0 0 0 0 0 0 0 0 0 0 0 0 0 0 0 0 0 0 0 0 0 0 0 0 

degrees of extreme rays:
1: 96  2: 9996  3: 40128  4: 25440  5: 13728  6: 5760  7: 960  8: 1152  9: 192  10: 96  

***********************************************************************

