75 Hilbert basis elements
75 lattice points in polytope (Hilbert basis elements of degree 1)
75 extreme rays
306955 support hyperplanes

embedding dimension = 55
rank = 43
external index = 1
internal index = 1
original monoid is integrally closed in chosen lattice

size of partial triangulation   = 383961
resulting sum of |det|s = 767922

grading:
1 1 1 1 1 1 1 1 1 1 1 1 1 1 1 1 1 1 1 1 1 1 1 1 1 0 0 0 0 0 0 0 0 0 0 0 0 0 0 0 0 0 0 0 0 0 0 0 0 0 0 0 0 0 0 

degrees of extreme rays:
1: 75  

Hilbert basis elements are of degree 1

***********************************************************************

