6 lattice points in polytope (Hilbert basis elements of degree 1)
4 extreme rays
4 support hyperplanes

embedding dimension = 4
rank = 4 (maximal)
external index = 1
internal index = 400000000

grading:
0 0 0 1 

degrees of extreme rays:
1: 3  2: 1  

***********************************************************************

6 lattice points in polytope (Hilbert basis elements of degree 1):
 0 0 0 1
 0 1 0 1
 0 2 0 1
 1 0 0 1
 1 1 0 1
 2 0 0 1

4 extreme rays:
 0 0         0 1
 0 2         0 1
 2 0         0 1
 1 1 100000000 2

4 support hyperplanes:
 -50000000 -50000000 -1 100000000
         0         0  1         0
         0 100000000 -1         0
 100000000         0 -1         0

