321708 Hilbert basis elements
812 extreme rays
50 support hyperplanes

f-vector:
1 812 8275 28480 47255 42650 21610 5980 830 50 1 

embedding dimension = 10
rank = 10 (maximal)
external index = 1

size of nested partial triangulation   = 4162251
resulting sum of |det|s = 473427240834

No implicit grading found

***********************************************************************

